<html>
<body>
<pre>
<h1>礦ision Build Log</h1>
<h2>Tool Versions:</h2>
IDE-Version: μVision V5.14.1
Copyright (C) 2015 ARM Ltd and ARM Germany GmbH. All rights reserved.
License Information: Cortex-M3, 1, LIC=FQQ63-AWIZ4-9WU2E-5N7WR-WTZ5K-TS3BQ
 
Tool Versions:
Toolchain:       MDK-ARM Professional  Version: 5.14.0.0
Toolchain Path:  D:\Program Files\Keil5\ARM\ARMCC\Bin
C Compiler:      Armcc.exe V5.05 update 1 (build 106)
Assembler:       Armasm.exe V5.05 update 1 (build 106)
Linker/Locator:  ArmLink.exe V5.05 update 1 (build 106)
Library Manager: ArmAr.exe V5.05 update 1 (build 106)
Hex Converter:   FromElf.exe V5.05 update 1 (build 106)
CPU DLL:         SARMCM3.DLL V5.14.0.0
Dialog DLL:      DARMSTM.DLL V1.65.0.0
Target DLL:      Segger\JL2CM3.dll V2.99.13.0
Dialog DLL:      TARMSTM.DLL V1.64.0.0
 
<h2>Project:</h2>
E:\MasterWork\Master1\1.pcb\keilcode\参考的示例程序\实验15：ADC printf输出\工程模板\Template.uvprojx
Project File Date:  03/05/2019

<h2>Output:</h2>
*** Using Compiler 'V5.05 update 1 (build 106)', folder: 'D:\Program Files\Keil5\ARM\ARMCC\Bin'
Rebuild target 'Target 1'
compiling main.c...
user\main.c(57): warning:  #181-D: argument is incompatible with corresponding format string conversion
                                        printf("Inside：。%f\r\n",ADC_ConvertedValue[j][i]);
user\main.c(68): warning:  #111-D: statement is unreachable
    return 0;
user\main.c: 2 warnings, 0 errors
compiling stm32f10x_it.c...
compiling public.c...
compiling core_cm3.c...
compiling system_stm32f10x.c...
assembling startup_stm32f10x_hd.s...
compiling stm32f10x_gpio.c...
compiling stm32f10x_rcc.c...
compiling stm32f10x_usart.c...
compiling misc.c...
compiling stm32f10x_exti.c...
compiling stm32f10x_tim.c...
compiling stm32f10x_adc.c...
compiling stm32f10x_dma.c...
compiling led.c...
compiling systick.c...
compiling pwm.c...
compiling rs485.c...
compiling printf.c...
compiling iic.c...
compiling AT24CXX.c...
compiling ds18b20.c...
compiling adc.c...
compiling beep.c...
compiling exti.c...
compiling key.c...
compiling smg.c...
compiling time.c...
compiling usart.c...
linking...
Program Size: Code=14344 RO-data=336 RW-data=48 ZI-data=1088  
FromELF: creating hex file...
".\output\工程模板.axf" - 0 Error(s), 2 Warning(s).

<h2>Collection of Component include folders:</h2>
  E:\MasterWork\Master1\1.pcb\keilcode\参考的示例程序\实验15：ADC printf输出\工程模板\RTE
  D:\Program Files\Keil5\Keil\STM32F1xx_DFP\1.0.5\Device\Include

<h2>Collection of Component Files used:</h2>
</pre>
</body>
</html>
